Vivado Simulator v2025.2
Copyright 1986-2022 Xilinx, Inc. All Rights Reserved.
Copyright 2022-2025 Advanced Micro Devices, Inc. All Rights Reserved.
Running: D:/2025.2/Vivado/bin/unwrapped/win64.o/xelab.exe --incr --debug typical --relax --mt 2 --maxdelay -L xil_defaultlib -L simprims_ver -L secureip --snapshot tb_all_losses_time_synth -transport_int_delays -pulse_r 0 -pulse_int_r 0 -pulse_e 0 -pulse_int_e 0 xil_defaultlib.tb_all_losses xil_defaultlib.glbl -log elaborate.log 
Using 2 slave threads.
Starting static elaboration
Pass Through NonSizing Optimizer
Completed static elaboration
Starting simulation data flow analysis
Completed simulation data flow analysis
INFO: [XSIM 43-3451] SDF backannotation process started with SDF file "tb_all_losses_time_synth.sdf", for root module "tb_all_losses/dut".
INFO: [XSIM 43-3452] SDF backannotation was successful for SDF file "tb_all_losses_time_synth.sdf", for root module "tb_all_losses/dut".
Time Resolution for simulation is 1ps
Compiling module simprims_ver.OBUF
Compiling module simprims_ver.BUFG
Compiling module simprims_ver.IBUF
Compiling module simprims_ver.FDCE_default
Compiling module simprims_ver.LUT4
Compiling module simprims_ver.x_lut3_mux8
Compiling module simprims_ver.LUT3
Compiling module simprims_ver.CARRY4
Compiling module simprims_ver.LUT6
Compiling module simprims_ver.LUT5
Compiling module simprims_ver.x_lut2_mux4
Compiling module simprims_ver.LUT2
Compiling module simprims_ver.DSP48E1(ACASCREG=0,ALUMODEREG=0,...
Compiling module simprims_ver.FDPE_default
Compiling module simprims_ver.x_lut1_mux2
Compiling module simprims_ver.LUT1
Compiling module xil_defaultlib.q16_to_posit8_fsm_2
Compiling module xil_defaultlib.fsm_mse_loss
Compiling module xil_defaultlib.q16_to_posit8_fsm_1
Compiling module xil_defaultlib.fsm_mse_grad
Compiling module simprims_ver.MUXF7
Compiling module xil_defaultlib.q16_to_posit8_fsm_0
Compiling module xil_defaultlib.q16_neglog_lut
Compiling module xil_defaultlib.fsm_ce_loss
Compiling module xil_defaultlib.q16_to_posit8_fsm
Compiling module xil_defaultlib.fsm_ce_grad_logit
Compiling module xil_defaultlib.top_wrapper
Compiling module xil_defaultlib.tb_all_losses
Compiling module xil_defaultlib.glbl
Built simulation snapshot tb_all_losses_time_synth
